Archive member included to satisfy reference by file (symbol)

c:/program files (x86)/atmel/studio/7.0/toolchain/avr8/avr8-gnu-toolchain/bin/../lib/gcc/avr/5.4.0/../../../../avr/lib/avrxmega7\libm.a(addsf3.o)
                              src/Drivers/timercounter.o (__subsf3)
c:/program files (x86)/atmel/studio/7.0/toolchain/avr8/avr8-gnu-toolchain/bin/../lib/gcc/avr/5.4.0/../../../../avr/lib/avrxmega7\libm.a(addsf3x.o)
                              c:/program files (x86)/atmel/studio/7.0/toolchain/avr8/avr8-gnu-toolchain/bin/../lib/gcc/avr/5.4.0/../../../../avr/lib/avrxmega7\libm.a(addsf3.o) (__addsf3x)
c:/program files (x86)/atmel/studio/7.0/toolchain/avr8/avr8-gnu-toolchain/bin/../lib/gcc/avr/5.4.0/../../../../avr/lib/avrxmega7\libm.a(divsf3.o)
                              src/Drivers/MS56XX.o (__divsf3)
c:/program files (x86)/atmel/studio/7.0/toolchain/avr8/avr8-gnu-toolchain/bin/../lib/gcc/avr/5.4.0/../../../../avr/lib/avrxmega7\libm.a(divsf3x.o)
                              c:/program files (x86)/atmel/studio/7.0/toolchain/avr8/avr8-gnu-toolchain/bin/../lib/gcc/avr/5.4.0/../../../../avr/lib/avrxmega7\libm.a(divsf3.o) (__divsf3x)
c:/program files (x86)/atmel/studio/7.0/toolchain/avr8/avr8-gnu-toolchain/bin/../lib/gcc/avr/5.4.0/../../../../avr/lib/avrxmega7\libm.a(fixsfdi.o)
                              src/Drivers/MS56XX.o (__fixunssfdi)
c:/program files (x86)/atmel/studio/7.0/toolchain/avr8/avr8-gnu-toolchain/bin/../lib/gcc/avr/5.4.0/../../../../avr/lib/avrxmega7\libm.a(fixsfsi.o)
                              src/Tools/altitude.o (__fixsfsi)
c:/program files (x86)/atmel/studio/7.0/toolchain/avr8/avr8-gnu-toolchain/bin/../lib/gcc/avr/5.4.0/../../../../avr/lib/avrxmega7\libm.a(fixunssfsi.o)
                              src/Drivers/timercounter.o (__fixunssfsi)
c:/program files (x86)/atmel/studio/7.0/toolchain/avr8/avr8-gnu-toolchain/bin/../lib/gcc/avr/5.4.0/../../../../avr/lib/avrxmega7\libm.a(floatsisf.o)
                              src/Tools/altitude.o (__floatsisf)
c:/program files (x86)/atmel/studio/7.0/toolchain/avr8/avr8-gnu-toolchain/bin/../lib/gcc/avr/5.4.0/../../../../avr/lib/avrxmega7\libm.a(floatundisf.o)
                              src/Drivers/MS56XX.o (__floatundisf)
c:/program files (x86)/atmel/studio/7.0/toolchain/avr8/avr8-gnu-toolchain/bin/../lib/gcc/avr/5.4.0/../../../../avr/lib/avrxmega7\libm.a(fp_inf.o)
                              c:/program files (x86)/atmel/studio/7.0/toolchain/avr8/avr8-gnu-toolchain/bin/../lib/gcc/avr/5.4.0/../../../../avr/lib/avrxmega7\libm.a(addsf3x.o) (__fp_inf)
c:/program files (x86)/atmel/studio/7.0/toolchain/avr8/avr8-gnu-toolchain/bin/../lib/gcc/avr/5.4.0/../../../../avr/lib/avrxmega7\libm.a(fp_nan.o)
                              c:/program files (x86)/atmel/studio/7.0/toolchain/avr8/avr8-gnu-toolchain/bin/../lib/gcc/avr/5.4.0/../../../../avr/lib/avrxmega7\libm.a(addsf3x.o) (__fp_nan)
c:/program files (x86)/atmel/studio/7.0/toolchain/avr8/avr8-gnu-toolchain/bin/../lib/gcc/avr/5.4.0/../../../../avr/lib/avrxmega7\libm.a(fp_negdi.o)
                              c:/program files (x86)/atmel/studio/7.0/toolchain/avr8/avr8-gnu-toolchain/bin/../lib/gcc/avr/5.4.0/../../../../avr/lib/avrxmega7\libm.a(fixsfdi.o) (__fp_negdi)
c:/program files (x86)/atmel/studio/7.0/toolchain/avr8/avr8-gnu-toolchain/bin/../lib/gcc/avr/5.4.0/../../../../avr/lib/avrxmega7\libm.a(fp_pscA.o)
                              c:/program files (x86)/atmel/studio/7.0/toolchain/avr8/avr8-gnu-toolchain/bin/../lib/gcc/avr/5.4.0/../../../../avr/lib/avrxmega7\libm.a(addsf3x.o) (__fp_pscA)
c:/program files (x86)/atmel/studio/7.0/toolchain/avr8/avr8-gnu-toolchain/bin/../lib/gcc/avr/5.4.0/../../../../avr/lib/avrxmega7\libm.a(fp_pscB.o)
                              c:/program files (x86)/atmel/studio/7.0/toolchain/avr8/avr8-gnu-toolchain/bin/../lib/gcc/avr/5.4.0/../../../../avr/lib/avrxmega7\libm.a(addsf3x.o) (__fp_pscB)
c:/program files (x86)/atmel/studio/7.0/toolchain/avr8/avr8-gnu-toolchain/bin/../lib/gcc/avr/5.4.0/../../../../avr/lib/avrxmega7\libm.a(fp_round.o)
                              c:/program files (x86)/atmel/studio/7.0/toolchain/avr8/avr8-gnu-toolchain/bin/../lib/gcc/avr/5.4.0/../../../../avr/lib/avrxmega7\libm.a(addsf3.o) (__fp_round)
c:/program files (x86)/atmel/studio/7.0/toolchain/avr8/avr8-gnu-toolchain/bin/../lib/gcc/avr/5.4.0/../../../../avr/lib/avrxmega7\libm.a(fp_split3.o)
                              c:/program files (x86)/atmel/studio/7.0/toolchain/avr8/avr8-gnu-toolchain/bin/../lib/gcc/avr/5.4.0/../../../../avr/lib/avrxmega7\libm.a(addsf3x.o) (__fp_split3)
c:/program files (x86)/atmel/studio/7.0/toolchain/avr8/avr8-gnu-toolchain/bin/../lib/gcc/avr/5.4.0/../../../../avr/lib/avrxmega7\libm.a(fp_zero.o)
                              c:/program files (x86)/atmel/studio/7.0/toolchain/avr8/avr8-gnu-toolchain/bin/../lib/gcc/avr/5.4.0/../../../../avr/lib/avrxmega7\libm.a(addsf3x.o) (__fp_zero)
[...]
Memory Configuration

Name             Origin             Length             Attributes
text             0x00000000         0x00100000         xr
data             0x00802000         0x0000ffa0         rw !x
eeprom           0x00810000         0x00010000         rw !x
fuse             0x00820000         0x00000006         rw !x
lock             0x00830000         0x00000400         rw !x
signature        0x00840000         0x00000400         rw !x
user_signatures  0x00850000         0x00000400         rw !x
*default*        0x00000000         0xffffffff

Linker script and memory map

LOAD C:/Program Files (x86)/Atmel/Studio/7.0/Packs/atmel/XMEGAA_DFP/1.1.68/gcc/dev/atxmega128a1u/avrxmega7/crtatxmega128a1u.o
LOAD src/ASF/common/utils/stdio/read.o
LOAD src/ASF/xmega/drivers/usart/usart.o
LOAD src/Drivers/MS56XX.o
LOAD src/Drivers/SPI.o
LOAD src/Drivers/timercounter.o
LOAD src/Drivers/uart_tools.o
LOAD src/Tools/altitude.o
LOAD src/Tools/RingBuffer.o
LOAD src/ASF/common/utils/stdio/write.o
LOAD src/ASF/common/services/serial/usart_serial.o
LOAD src/ASF/common/services/ioport/xmega/ioport_compat.o
LOAD src/ASF/common/services/clock/xmega/sysclk.o
LOAD src/ASF/xmega/drivers/nvm/nvm.o
LOAD src/ASF/xmega/drivers/nvm/nvm_asm.o
LOAD src/ASF/xmega/drivers/cpu/ccp.o
LOAD src/ASF/common/boards/user_board/init.o
LOAD src/main.o
START GROUP
LOAD c:/program files (x86)/atmel/studio/7.0/toolchain/avr8/avr8-gnu-toolchain/bin/../lib/gcc/avr/5.4.0/../../../../avr/lib/avrxmega7\libm.a
END GROUP
START GROUP
LOAD c:/program files (x86)/atmel/studio/7.0/toolchain/avr8/avr8-gnu-toolchain/bin/../lib/gcc/avr/5.4.0/avrxmega7\libgcc.a
LOAD c:/program files (x86)/atmel/studio/7.0/toolchain/avr8/avr8-gnu-toolchain/bin/../lib/gcc/avr/5.4.0/../../../../avr/lib/avrxmega7\libm.a
LOAD c:/program files (x86)/atmel/studio/7.0/toolchain/avr8/avr8-gnu-toolchain/bin/../lib/gcc/avr/5.4.0/../../../../avr/lib/avrxmega7\libc.a
LOAD C:/Program Files (x86)/Atmel/Studio/7.0/Packs/atmel/XMEGAA_DFP/1.1.68/gcc/dev/atxmega128a1u/avrxmega7\libatxmega128a1u.a
END GROUP
                0x00100000                __TEXT_REGION_LENGTH__ = DEFINED (__TEXT_REGION_LENGTH__)?__TEXT_REGION_LENGTH__:0x100000
                0x0000ffa0                __DATA_REGION_LENGTH__ = DEFINED (__DATA_REGION_LENGTH__)?__DATA_REGION_LENGTH__:0xffa0
                0x00010000                __EEPROM_REGION_LENGTH__ = DEFINED (__EEPROM_REGION_LENGTH__)?__EEPROM_REGION_LENGTH__:0x10000
                [0x00000006]                __FUSE_REGION_LENGTH__ = DEFINED (__FUSE_REGION_LENGTH__)?__FUSE_REGION_LENGTH__:0x400
                0x00000400                __LOCK_REGION_LENGTH__ = DEFINED (__LOCK_REGION_LENGTH__)?__LOCK_REGION_LENGTH__:0x400
                0x00000400                __SIGNATURE_REGION_LENGTH__ = DEFINED (__SIGNATURE_REGION_LENGTH__)?__SIGNATURE_REGION_LENGTH__:0x400
                0x00000400                __USER_SIGNATURE_REGION_LENGTH__ = DEFINED (__USER_SIGNATURE_REGION_LENGTH__)?__USER_SIGNATURE_REGION_LENGTH__:0x400

.hash
 *(.hash)

.dynsym
 *(.dynsym)

.dynstr
 *(.dynstr)

.gnu.version
 *(.gnu.version)

.gnu.version_d
 *(.gnu.version_d)

.gnu.version_r
 *(.gnu.version_r)

.rel.init
 *(.rel.init)

.rela.init
 *(.rela.init)

.rel.text
 *(.rel.text)
 *(.rel.text.*)
 *(.rel.gnu.linkonce.t*)

.rela.text
 *(.rela.text)
 *(.rela.text.*)
 *(.rela.gnu.linkonce.t*)

.rel.fini
 *(.rel.fini)

.rela.fini
 *(.rela.fini)

.rel.rodata
 *(.rel.rodata)
 *(.rel.rodata.*)
 *(.rel.gnu.linkonce.r*)

.rela.rodata
 *(.rela.rodata)
 *(.rela.rodata.*)
 *(.rela.gnu.linkonce.r*)

.rel.data
 *(.rel.data)
 *(.rel.data.*)
 *(.rel.gnu.linkonce.d*)

.rela.data
 *(.rela.data)
 *(.rela.data.*)
 *(.rela.gnu.linkonce.d*)

.rel.ctors
 *(.rel.ctors)

.rela.ctors
 *(.rela.ctors)

.rel.dtors
 *(.rel.dtors)

.rela.dtors
 *(.rela.dtors)

.rel.got
 *(.rel.got)

.rela.got
 *(.rela.got)

.rel.bss
 *(.rel.bss)

.rela.bss
 *(.rela.bss)

.rel.plt
 *(.rel.plt)

.rela.plt
 *(.rela.plt)

.text           0x00000000     0x3448
 *(.vectors)
 .vectors       0x00000000      0x1fc C:/Program Files (x86)/Atmel/Studio/7.0/Packs/atmel/XMEGAA_DFP/1.1.68/gcc/dev/atxmega128a1u/avrxmega7/crtatxmega128a1u.o
                0x00000000                __vector_default
                0x00000000                __vectors
 *(.vectors)
 *(.progmem.gcc*)
                0x000001fc                . = ALIGN (0x2)
                0x000001fc                __trampolines_start = .
 *(.trampolines)
 .trampolines   0x000001fc        0x0 linker stubs
 *(.trampolines*)
                0x000001fc                __trampolines_end = .
 *libprintf_flt.a:*(.progmem.data)
 *libc.a:*(.progmem.data)
 *(.progmem*)
                0x000001fc                . = ALIGN (0x2)
 *(.jumptables)
 *(.jumptables*)
 *(.lowtext)
 *(.lowtext*)
                0x000001fc                __ctors_start = .
 *(.ctors)
                0x000001fc                __ctors_end = .
                0x000001fc                __dtors_start = .
 *(.dtors)
                0x000001fc                __dtors_end = .
 SORT(*)(.ctors)
 SORT(*)(.dtors)
 *(.init0)
 .init0         0x000001fc        0x0 C:/Program Files (x86)/Atmel/Studio/7.0/Packs/atmel/XMEGAA_DFP/1.1.68/gcc/dev/atxmega128a1u/avrxmega7/crtatxmega128a1u.o
                0x000001fc                __init
 *(.init0)
 *(.init1)
 *(.init1)
 *(.init2)
 .init2         0x000001fc       0x18 C:/Program Files (x86)/Atmel/Studio/7.0/Packs/atmel/XMEGAA_DFP/1.1.68/gcc/dev/atxmega128a1u/avrxmega7/crtatxmega128a1u.o
 *(.init2)
 *(.init3)
 *(.init3)
 *(.init4)
 .init4         0x00000214       0x1c c:/program files (x86)/atmel/studio/7.0/toolchain/avr8/avr8-gnu-toolchain/bin/../lib/gcc/avr/5.4.0/avrxmega7\libgcc.a(_copy_data.o)
                0x00000214                __do_copy_data
 .init4         0x00000230       0x10 c:/program files (x86)/atmel/studio/7.0/toolchain/avr8/avr8-gnu-toolchain/bin/../lib/gcc/avr/5.4.0/avrxmega7\libgcc.a(_clear_bss.o)
                0x00000230                __do_clear_bss
 *(.init4)
 *(.init5)
 *(.init5)
 *(.init6)
 *(.init6)
 *(.init7)
 *(.init7)
 *(.init8)
 *(.init8)
 *(.init9)
 .init9         0x00000240        0x8 C:/Program Files (x86)/Atmel/Studio/7.0/Packs/atmel/XMEGAA_DFP/1.1.68/gcc/dev/atxmega128a1u/avrxmega7/crtatxmega128a1u.o
 *(.init9)
 *(.text)
 .text          0x00000248        0x2 C:/Program Files (x86)/Atmel/Studio/7.0/Packs/atmel/XMEGAA_DFP/1.1.68/gcc/dev/atxmega128a1u/avrxmega7/crtatxmega128a1u.o
                0x00000248                __vector_38
                0x00000248                __vector_104
                0x00000248                __vector_22
                0x00000248                __vector_63
                0x00000248                __vector_28
                0x00000248                __vector_67
                0x00000248                __vector_1
                0x00000248                __vector_119
                0x00000248                __vector_32
                0x00000248                __vector_75
                0x00000248                __vector_71
                0x00000248                __vector_91
                0x00000248                __vector_34
                0x00000248                __vector_62
                0x00000248                __vector_77
                0x00000248                __vector_102
                0x00000248                __vector_24
                0x00000248                __vector_12
                0x00000248                __vector_55
                0x00000248                __vector_69
                0x00000248                __vector_81
                0x00000248                __vector_90
                0x00000248                __vector_46
                0x00000248                __bad_interrupt
                0x00000248                __vector_122
                0x00000248                __vector_72
                0x00000248                __vector_114
                0x00000248                __vector_6
                0x00000248                __vector_110
                0x00000248                __vector_31
                0x00000248                __vector_92
                0x00000248                __vector_35
                0x00000248                __vector_78
                0x00000248                __vector_74
                0x00000248                __vector_117
                0x00000248                __vector_39
                0x00000248                __vector_107
                0x00000248                __vector_3
                0x00000248                __vector_105
                0x00000248                __vector_98
                0x00000248                __vector_23
                0x00000248                __vector_68
                0x00000248                __vector_30
                0x00000248                __vector_73
                0x00000248                __vector_45
                0x00000248                __vector_25
                0x00000248                __vector_93
                0x00000248                __vector_61
                0x00000248                __vector_11
                0x00000248                __vector_54
                0x00000248                __vector_99
                0x00000248                __vector_13
                0x00000248                __vector_17
                0x00000248                __vector_19
                0x00000248                __vector_56
                0x00000248                __vector_7
                0x00000248                __vector_125
                0x00000248                __vector_49
                0x00000248                __vector_123
                0x00000248                __vector_41
                0x00000248                __vector_86
                0x00000248                __vector_100
                0x00000248                __vector_101
                0x00000248                __vector_64
                0x00000248                __vector_88
                0x00000248                __vector_109
                0x00000248                __vector_43
                0x00000248                __vector_27
                0x00000248                __vector_5
                0x00000248                __vector_113
                0x00000248                __vector_33
                0x00000248                __vector_76
                0x00000248                __vector_115
                0x00000248                __vector_47
                0x00000248                __vector_52
                0x00000248                __vector_37
                0x00000248                __vector_95
                0x00000248                __vector_103
                0x00000248                __vector_96
                0x00000248                __vector_89
                0x00000248                __vector_108
                0x00000248                __vector_4
                0x00000248                __vector_44
                0x00000248                __vector_82
                0x00000248                __vector_106
                0x00000248                __vector_118
                0x00000248                __vector_51
                0x00000248                __vector_9
                0x00000248                __vector_2
                0x00000248                __vector_21
                0x00000248                __vector_15
                0x00000248                __vector_66
                0x00000248                __vector_36
                0x00000248                __vector_79
                0x00000248                __vector_58
                0x00000248                __vector_70
                0x00000248                __vector_83
                0x00000248                __vector_29
                0x00000248                __vector_60
                0x00000248                __vector_121
                0x00000248                __vector_40
                0x00000248                __vector_85
                0x00000248                __vector_94
                0x00000248                __vector_126
                0x00000248                __vector_8
                0x00000248                __vector_26
                0x00000248                __vector_48
                0x00000248                __vector_124
                0x00000248                __vector_116
                0x00000248                __vector_112
                0x00000248                __vector_111
                0x00000248                __vector_80
                0x00000248                __vector_14
                0x00000248                __vector_84
                0x00000248                __vector_57
                0x00000248                __vector_53
                0x00000248                __vector_10
                0x00000248                __vector_50
                0x00000248                __vector_16
                0x00000248                __vector_59
                0x00000248                __vector_18
                0x00000248                __vector_97
                0x00000248                __vector_20
                0x00000248                __vector_42
                0x00000248                __vector_87
                0x00000248                __vector_65
                0x00000248                __vector_120
                0x0000024a                . = ALIGN (0x2)
 *(.text.*)
 .text._read    0x0000024a       0x32 src/ASF/common/utils/stdio/read.o
                0x0000024a                _read
 .text.usart_putchar
                0x0000027c       0x10 src/ASF/xmega/drivers/usart/usart.o
                0x0000027c                usart_putchar
 .text.usart_getchar
                0x0000028c        0xc src/ASF/xmega/drivers/usart/usart.o
                0x0000028c                usart_getchar
 .text.usart_set_baudrate
                0x00000298      0x226 src/ASF/xmega/drivers/usart/usart.o
                0x00000298                usart_set_baudrate
 .text.usart_init_rs232
                0x000004be      0x310 src/ASF/xmega/drivers/usart/usart.o
                0x000004be                usart_init_rs232
 .text.__portable_avr_delay_cycles
                0x000007ce       0x16 src/Drivers/MS56XX.o
 .text.read16   0x000007e4       0x28 src/Drivers/MS56XX.o
                0x000007e4                read16
 .text.read24   0x0000080c       0x40 src/Drivers/MS56XX.o
                0x0000080c                read24
 .text.define_new_MS56XX_default_OSR
                0x0000084c        0xe src/Drivers/MS56XX.o
                0x0000084c                define_new_MS56XX_default_OSR
 .text.pressureSensorReset
                0x0000085a       0x30 src/Drivers/MS56XX.o
                0x0000085a                pressureSensorReset
 .text.calibratePressureSensor
                0x0000088a       0xaa src/Drivers/MS56XX.o
                0x0000088a                calibratePressureSensor
 .text.get_read_info
                0x00000934       0xa0 src/Drivers/MS56XX.o
                0x00000934                get_read_info
 .text.readMS56XX
                0x000009d4      0x6e2 src/Drivers/MS56XX.o
                0x000009d4                readMS56XX
 .text.spiread  0x000010b6       0x10 src/Drivers/SPI.o
                0x000010b6                spiread
 .text.spiwrite
                0x000010c6        0xc src/Drivers/SPI.o
                0x000010c6                spiwrite
 .text.spiselect
                0x000010d2       0x28 src/Drivers/SPI.o
                0x000010d2                spiselect
 .text.spideselect
                0x000010fa       0x28 src/Drivers/SPI.o
                0x000010fa                spideselect
 .text.enable_select_pin
                0x00001122       0x2a src/Drivers/SPI.o
                0x00001122                enable_select_pin
 .text.initializespi
                0x0000114c      0x2a6 src/Drivers/SPI.o
                0x0000114c                initializespi
 .text.TC0_setup
                0x000013f2      0x2a0 src/Drivers/timercounter.o
                0x000013f2                TC0_setup
 .text.TC_config
                0x00001692       0x7e src/Drivers/timercounter.o
                0x00001692                TC_config
 .text.usart_serial_getchar
                0x00001710       0x12 src/Drivers/uart_tools.o
 .text.usart_serial_putchar
                0x00001722        0x6 src/Drivers/uart_tools.o
 .text.UART_computer_init
                0x00001728      0x47a src/Drivers/uart_tools.o
                0x00001728                UART_computer_init
 .text.calc_altitude
                0x00001ba2       0x32 src/Tools/altitude.o
                0x00001ba2                calc_altitude
 .text.rb32_write
                0x00001bd4       0xa2 src/Tools/RingBuffer.o
                0x00001bd4                rb32_write
 .text.rb32_init
                0x00001c76       0x14 src/Tools/RingBuffer.o
                0x00001c76                rb32_init
 .text.rb32_length
                0x00001c8a       0x24 src/Tools/RingBuffer.o
                0x00001c8a                rb32_length
 .text.rb32_get_nth
                0x00001cae       0x6a src/Tools/RingBuffer.o
                0x00001cae                rb32_get_nth
 .text._write   0x00001d18       0x24 src/ASF/common/utils/stdio/write.o
                0x00001d18                _write
 .text.ioport_configure_port_pin
                0x00001d3c       0x4e src/ASF/common/services/ioport/xmega/ioport_compat.o
                0x00001d3c                ioport_configure_port_pin
 .text.sysclk_init
                0x00001d8a       0x6a src/ASF/common/services/clock/xmega/sysclk.o
                0x00001d8a                sysclk_init
 .text.sysclk_enable_module
                0x00001df4       0x2c src/ASF/common/services/clock/xmega/sysclk.o
                0x00001df4                sysclk_enable_module
 .text.ccp_write_io
                0x00001e20        0xc src/ASF/xmega/drivers/cpu/ccp.o
                0x00001e20                ccp_write_io
 .text.board_init
                0x00001e2c        0x2 src/ASF/common/boards/user_board/init.o
                0x00001e2c                board_init
 .text.__portable_avr_delay_cycles
                0x00001e2e       0x16 src/main.o
 .text.filtered_5_pressures
                0x00001e44      0x228 src/main.o
                0x00001e44                filtered_5_pressures
 .text.main     0x0000206c      0x348 src/main.o
                0x0000206c                main
 .text.avr-libc.fplib
                0x000023b4        0xa c:/program files (x86)/atmel/studio/7.0/toolchain/avr8/avr8-gnu-toolchain/bin/../lib/gcc/avr/5.4.0/../../../../avr/lib/avrxmega7\libm.a(addsf3.o)
                0x000023b4                __subsf3
                0x000023b6                __addsf3
 .text.avr-libc.fplib
                0x000023be       0xc0 c:/program files (x86)/atmel/studio/7.0/toolchain/avr8/avr8-gnu-toolchain/bin/../lib/gcc/avr/5.4.0/../../../../avr/lib/avrxmega7\libm.a(addsf3x.o)
                0x000023d8                __addsf3x
 .text.avr-libc.fplib
                0x0000247e        0x4 c:/program files (x86)/atmel/studio/7.0/toolchain/avr8/avr8-gnu-toolchain/bin/../lib/gcc/avr/5.4.0/../../../../avr/lib/avrxmega7\libm.a(divsf3.o)
                0x0000247e                __divsf3
 .text.avr-libc.fplib
                0x00002482       0xcc c:/program files (x86)/atmel/studio/7.0/toolchain/avr8/avr8-gnu-toolchain/bin/../lib/gcc/avr/5.4.0/../../../../avr/lib/avrxmega7\libm.a(divsf3x.o)
                0x00002498                __divsf3x
                0x0000249c                __divsf3_pse
 .text.avr-libc.fplib
                0x0000254e       0x74 c:/program files (x86)/atmel/studio/7.0/toolchain/avr8/avr8-gnu-toolchain/bin/../lib/gcc/avr/5.4.0/../../../../avr/lib/avrxmega7\libm.a(fixsfdi.o)
                0x0000254e                __fixsfdi
                0x00002558                __fixunssfdi
 .text.avr-libc.fplib
                0x000025c2        0xa c:/program files (x86)/atmel/studio/7.0/toolchain/avr8/avr8-gnu-toolchain/bin/../lib/gcc/avr/5.4.0/../../../../avr/lib/avrxmega7\libm.a(fixsfsi.o)
                0x000025c2                __fixsfsi
 .text.avr-libc.fplib
                0x000025cc       0x58 c:/program files (x86)/atmel/studio/7.0/toolchain/avr8/avr8-gnu-toolchain/bin/../lib/gcc/avr/5.4.0/../../../../avr/lib/avrxmega7\libm.a(fixunssfsi.o)
                0x000025cc                __fixunssfsi
 .text.avr-libc.fplib
                0x00002624       0x7a c:/program files (x86)/atmel/studio/7.0/toolchain/avr8/avr8-gnu-toolchain/bin/../lib/gcc/avr/5.4.0/../../../../avr/lib/avrxmega7\libm.a(floatsisf.o)
                0x00002624                __floatunsisf
                0x00002628                __floatsisf
 .text.avr-libc.fplib
                0x0000269e       0x7c c:/program files (x86)/atmel/studio/7.0/toolchain/avr8/avr8-gnu-toolchain/bin/../lib/gcc/avr/5.4.0/../../../../avr/lib/avrxmega7\libm.a(floatundisf.o)
                0x0000269e                __floatundisf
                0x000026a0                __fp_di2sf
 .text.avr-libc.fplib
                0x0000271a        0xc c:/program files (x86)/atmel/studio/7.0/toolchain/avr8/avr8-gnu-toolchain/bin/../lib/gcc/avr/5.4.0/../../../../avr/lib/avrxmega7\libm.a(fp_inf.o)
                0x0000271a                __fp_inf
 .text.avr-libc.fplib
                0x00002726        0x6 c:/program files (x86)/atmel/studio/7.0/toolchain/avr8/avr8-gnu-toolchain/bin/../lib/gcc/avr/5.4.0/../../../../avr/lib/avrxmega7\libm.a(fp_nan.o)
                0x00002726                __fp_nan
 .text.avr-libc.fplib
                0x0000272c       0x20 c:/program files (x86)/atmel/studio/7.0/toolchain/avr8/avr8-gnu-toolchain/bin/../lib/gcc/avr/5.4.0/../../../../avr/lib/avrxmega7\libm.a(fp_negdi.o)
                0x0000272c                __fp_negdi
 .text.avr-libc.fplib
                0x0000274c        0xe c:/program files (x86)/atmel/studio/7.0/toolchain/avr8/avr8-gnu-toolchain/bin/../lib/gcc/avr/5.4.0/../../../../avr/lib/avrxmega7\libm.a(fp_pscA.o)
                0x0000274c                __fp_pscA
 .text.avr-libc.fplib
                0x0000275a        0xe c:/program files (x86)/atmel/studio/7.0/toolchain/avr8/avr8-gnu-toolchain/bin/../lib/gcc/avr/5.4.0/../../../../avr/lib/avrxmega7\libm.a(fp_pscB.o)
                0x0000275a                __fp_pscB
 .text.avr-libc.fplib
                0x00002768       0x22 c:/program files (x86)/atmel/studio/7.0/toolchain/avr8/avr8-gnu-toolchain/bin/../lib/gcc/avr/5.4.0/../../../../avr/lib/avrxmega7\libm.a(fp_round.o)
                0x00002768                __fp_round
 .text.avr-libc.fplib
                0x0000278a       0x44 c:/program files (x86)/atmel/studio/7.0/toolchain/avr8/avr8-gnu-toolchain/bin/../lib/gcc/avr/5.4.0/../../../../avr/lib/avrxmega7\libm.a(fp_split3.o)
                0x0000278a                __fp_split3
                0x0000279a                __fp_splitA
 .text.avr-libc.fplib
                0x000027ce        0xe c:/program files (x86)/atmel/studio/7.0/toolchain/avr8/avr8-gnu-toolchain/bin/../lib/gcc/avr/5.4.0/../../../../avr/lib/avrxmega7\libm.a(fp_zero.o)
                0x000027ce                __fp_zero
                0x000027d0                __fp_szero
 .text.avr-libc.fplib
                0x000027dc        0x4 c:/program files (x86)/atmel/studio/7.0/toolchain/avr8/avr8-gnu-toolchain/bin/../lib/gcc/avr/5.4.0/../../../../avr/lib/avrxmega7\libm.a(mulsf3.o)
                0x000027dc                __mulsf3
 .text.avr-libc.fplib
                0x000027e0       0xc2 c:/program files (x86)/atmel/studio/7.0/toolchain/avr8/avr8-gnu-toolchain/bin/../lib/gcc/avr/5.4.0/../../../../avr/lib/avrxmega7\libm.a(mulsf3x.o)
                0x000027f4                __mulsf3x
                0x000027f8                __mulsf3_pse
 .text.libgcc.div
                0x000028a2       0x44 c:/program files (x86)/atmel/studio/7.0/toolchain/avr8/avr8-gnu-toolchain/bin/../lib/gcc/avr/5.4.0/avrxmega7\libgcc.a(_udivmodsi4.o)
                0x000028a2                __udivmodsi4
 .text.libgcc.div
                0x000028e6       0x28 c:/program files (x86)/atmel/studio/7.0/toolchain/avr8/avr8-gnu-toolchain/bin/../lib/gcc/avr/5.4.0/avrxmega7\libgcc.a(_divmodsi4.o)
                0x000028e6                __divmodsi4
 .text.libgcc.div
                0x0000290e       0x10 c:/program files (x86)/atmel/studio/7.0/toolchain/avr8/avr8-gnu-toolchain/bin/../lib/gcc/avr/5.4.0/avrxmega7\libgcc.a(_negsi2.o)
                0x0000290e                __negsi2
 .text.libgcc.mul
                0x0000291e       0x1e c:/program files (x86)/atmel/studio/7.0/toolchain/avr8/avr8-gnu-toolchain/bin/../lib/gcc/avr/5.4.0/avrxmega7\libgcc.a(_umulhisi3.o)
                0x0000291e                __umulhisi3
 .text.libgcc.mul
                0x0000293c       0x14 c:/program files (x86)/atmel/studio/7.0/toolchain/avr8/avr8-gnu-toolchain/bin/../lib/gcc/avr/5.4.0/avrxmega7\libgcc.a(_muluhisi3.o)
                0x0000293c                __muluhisi3
 .text.libgcc.mul
                0x00002950       0x92 c:/program files (x86)/atmel/studio/7.0/toolchain/avr8/avr8-gnu-toolchain/bin/../lib/gcc/avr/5.4.0/avrxmega7\libgcc.a(_muldi3.o)
                0x00002950                __muldi3
 .text.libgcc.mul
                0x000029e2       0x10 c:/program files (x86)/atmel/studio/7.0/toolchain/avr8/avr8-gnu-toolchain/bin/../lib/gcc/avr/5.4.0/avrxmega7\libgcc.a(_muldi3_6.o)
                0x000029e2                __muldi3_6
 .text.libgcc.div
                0x000029f2       0x1a c:/program files (x86)/atmel/studio/7.0/toolchain/avr8/avr8-gnu-toolchain/bin/../lib/gcc/avr/5.4.0/avrxmega7\libgcc.a(_udivdi3.o)
                0x000029f2                __umoddi3
                0x000029f6                __udivdi3
                0x000029f8                __udivdi3_umoddi3
 .text.libgcc.div
                0x00002a0c       0xa2 c:/program files (x86)/atmel/studio/7.0/toolchain/avr8/avr8-gnu-toolchain/bin/../lib/gcc/avr/5.4.0/avrxmega7\libgcc.a(_udivmod64.o)
                0x00002a0c                __udivmod64
 .text.libgcc.builtins
                0x00002aae       0x32 c:/program files (x86)/atmel/studio/7.0/toolchain/avr8/avr8-gnu-toolchain/bin/../lib/gcc/avr/5.4.0/avrxmega7\libgcc.a(_ashldi3.o)
                0x00002aae                __ashldi3
 .text.libgcc.builtins
                0x00002ae0       0x3c c:/program files (x86)/atmel/studio/7.0/toolchain/avr8/avr8-gnu-toolchain/bin/../lib/gcc/avr/5.4.0/avrxmega7\libgcc.a(_ashrdi3.o)
                0x00002ae0                __ashrdi3
                0x00002ae4                __lshrdi3
 .text.libgcc   0x00002b1c       0x12 c:/program files (x86)/atmel/studio/7.0/toolchain/avr8/avr8-gnu-toolchain/bin/../lib/gcc/avr/5.4.0/avrxmega7\libgcc.a(_adddi3.o)
                0x00002b1c                __adddi3
 .text.libgcc   0x00002b2e       0x12 c:/program files (x86)/atmel/studio/7.0/toolchain/avr8/avr8-gnu-toolchain/bin/../lib/gcc/avr/5.4.0/avrxmega7\libgcc.a(_subdi3.o)
                0x00002b2e                __subdi3
 .text.libgcc   0x00002b40       0x18 c:/program files (x86)/atmel/studio/7.0/toolchain/avr8/avr8-gnu-toolchain/bin/../lib/gcc/avr/5.4.0/avrxmega7\libgcc.a(_cmpdi2_s8.o)
                0x00002b40                __cmpdi2_s8
 .text.avr-libc
                0x00002b58       0x94 c:/program files (x86)/atmel/studio/7.0/toolchain/avr8/avr8-gnu-toolchain/bin/../lib/gcc/avr/5.4.0/../../../../avr/lib/avrxmega7\libc.a(fdevopen.o)
                0x00002b58                fdevopen
 .text.avr-libc
                0x00002bec       0x26 c:/program files (x86)/atmel/studio/7.0/toolchain/avr8/avr8-gnu-toolchain/bin/../lib/gcc/avr/5.4.0/../../../../avr/lib/avrxmega7\libc.a(printf.o)
                0x00002bec                printf
 .text.avr-libc
                0x00002c12       0x60 c:/program files (x86)/atmel/studio/7.0/toolchain/avr8/avr8-gnu-toolchain/bin/../lib/gcc/avr/5.4.0/../../../../avr/lib/avrxmega7\libc.a(puts.o)
                0x00002c12                puts
 .text.avr-libc
                0x00002c72      0x3ee c:/program files (x86)/atmel/studio/7.0/toolchain/avr8/avr8-gnu-toolchain/bin/../lib/gcc/avr/5.4.0/../../../../avr/lib/avrxmega7\libc.a(vfprintf_std.o)
                0x00002c72                vfprintf
 .text.avr-libc
                0x00003060       0x34 c:/program files (x86)/atmel/studio/7.0/toolchain/avr8/avr8-gnu-toolchain/bin/../lib/gcc/avr/5.4.0/../../../../avr/lib/avrxmega7\libc.a(calloc.o)
                0x00003060                calloc
 .text.avr-libc
                0x00003094      0x242 c:/program files (x86)/atmel/studio/7.0/toolchain/avr8/avr8-gnu-toolchain/bin/../lib/gcc/avr/5.4.0/../../../../avr/lib/avrxmega7\libc.a(malloc.o)
                0x00003094                malloc
                0x000031c4                free
 .text.avr-libc
                0x000032d6       0x16 c:/program files (x86)/atmel/studio/7.0/toolchain/avr8/avr8-gnu-toolchain/bin/../lib/gcc/avr/5.4.0/../../../../avr/lib/avrxmega7\libc.a(strnlen_P.o)
                0x000032d6                strnlen_P
 .text.avr-libc
                0x000032ec        0xe c:/program files (x86)/atmel/studio/7.0/toolchain/avr8/avr8-gnu-toolchain/bin/../lib/gcc/avr/5.4.0/../../../../avr/lib/avrxmega7\libc.a(memset.o)
                0x000032ec                memset
 .text.avr-libc
                0x000032fa       0x16 c:/program files (x86)/atmel/studio/7.0/toolchain/avr8/avr8-gnu-toolchain/bin/../lib/gcc/avr/5.4.0/../../../../avr/lib/avrxmega7\libc.a(strnlen.o)
                0x000032fa                strnlen
 .text.avr-libc
                0x00003310       0x78 c:/program files (x86)/atmel/studio/7.0/toolchain/avr8/avr8-gnu-toolchain/bin/../lib/gcc/avr/5.4.0/../../../../avr/lib/avrxmega7\libc.a(fputc.o)
                0x00003310                fputc
 .text.avr-libc
                0x00003388       0xbc c:/program files (x86)/atmel/studio/7.0/toolchain/avr8/avr8-gnu-toolchain/bin/../lib/gcc/avr/5.4.0/../../../../avr/lib/avrxmega7\libc.a(ultoa_invert.o)
                0x00003388                __ultoa_invert
                0x00003444                . = ALIGN (0x2)
 *(.fini9)
 .fini9         0x00003444        0x0 c:/program files (x86)/atmel/studio/7.0/toolchain/avr8/avr8-gnu-toolchain/bin/../lib/gcc/avr/5.4.0/avrxmega7\libgcc.a(_exit.o)
                0x00003444                _exit
                0x00003444                exit
 *(.fini9)
 *(.fini8)
 *(.fini8)
 *(.fini7)
 *(.fini7)
 *(.fini6)
 *(.fini6)
 *(.fini5)
 *(.fini5)
 *(.fini4)
 *(.fini4)
 *(.fini3)
 *(.fini3)
 *(.fini2)
 *(.fini2)
 *(.fini1)
 *(.fini1)
 *(.fini0)
 .fini0         0x00003444        0x4 c:/program files (x86)/atmel/studio/7.0/toolchain/avr8/avr8-gnu-toolchain/bin/../lib/gcc/avr/5.4.0/avrxmega7\libgcc.a(_exit.o)
 *(.fini0)
                0x00003448                _etext = .

.data           0x00802000       0xde load address 0x00003448
                0x00802000                PROVIDE (__data_start, .)
 *(.data)
 .data          0x00802000        0x6 c:/program files (x86)/atmel/studio/7.0/toolchain/avr8/avr8-gnu-toolchain/bin/../lib/gcc/avr/5.4.0/../../../../avr/lib/avrxmega7\libc.a(malloc.o)
                0x00802000                __malloc_heap_end
                0x00802002                __malloc_heap_start
                0x00802004                __malloc_margin
 *(.data*)
 .data.options.5631
                0x00802006        0x7 src/Drivers/uart_tools.o
 *(.gnu.linkonce.d*)
 *(.rodata)
 *(.rodata*)
 .rodata.str1.1
                0x0080200d       0xd0 src/main.o
                                 0xed (size before relaxing)
 *(.gnu.linkonce.r*)
                0x008020de                . = ALIGN (0x2)
 *fill*         0x008020dd        0x1 
                0x008020de                _edata = .
                0x008020de                PROVIDE (__data_end, .)

.bss            0x008020de       0x6c
                0x008020de                PROVIDE (__bss_start, .)
 *(.bss)
 *(.bss*)
 *(COMMON)
 COMMON         0x008020de        0x2 src/ASF/common/utils/stdio/read.o
                0x008020de                ptr_get
 COMMON         0x008020e0        0x4 src/ASF/common/utils/stdio/write.o
                0x008020e0                ptr_put
                0x008020e2                stdio_base
 COMMON         0x008020e4       0x5c src/main.o
                0x008020e4                recentalts
                0x008020ec                altitude_backing_array
                0x0080213c                time
 COMMON         0x00802140        0x6 c:/program files (x86)/atmel/studio/7.0/toolchain/avr8/avr8-gnu-toolchain/bin/../lib/gcc/avr/5.4.0/../../../../avr/lib/avrxmega7\libc.a(iob.o)
                0x00802140                __iob
 COMMON         0x00802146        0x4 c:/program files (x86)/atmel/studio/7.0/toolchain/avr8/avr8-gnu-toolchain/bin/../lib/gcc/avr/5.4.0/../../../../avr/lib/avrxmega7\libc.a(malloc.o)
                0x00802146                __brkval
                0x00802148                __flp
                0x0080214a                PROVIDE (__bss_end, .)
                0x00003448                __data_load_start = LOADADDR (.data)
                0x00003526                __data_load_end = (__data_load_start + SIZEOF (.data))

.noinit         0x0080214a        0x0
                [!provide]                PROVIDE (__noinit_start, .)
 *(.noinit*)
                [!provide]                PROVIDE (__noinit_end, .)
                0x0080214a                _end = .
                0x0080214a                PROVIDE (__heap_start, .)

.eeprom         0x00810000        0x0
 *(.eeprom*)
                0x00810000                __eeprom_end = .

.fuse
 *(.fuse)
 *(.lfuse)
 *(.hfuse)
 *(.efuse)

.lock
 *(.lock*)

.signature
 *(.signature*)

.user_signatures
 *(.user_signatures*)

.stab
 *(.stab)

.stabstr
 *(.stabstr)

.stab.excl
 *(.stab.excl)

.stab.exclstr
 *(.stab.exclstr)

.stab.index
 *(.stab.index)

.stab.indexstr
 *(.stab.indexstr)

.comment        0x00000000       0x8c
 *(.comment)
 .comment       0x00000000       0x30 src/ASF/common/utils/stdio/read.o
                                 0x31 (size before relaxing)
 .comment       0x00000030       0x31 src/ASF/xmega/drivers/usart/usart.o
 .comment       0x00000030       0x30 src/Drivers/MS56XX.o
                                 0x31 (size before relaxing)
 .comment       0x00000060       0x31 src/Drivers/SPI.o
 .comment       0x00000060       0x31 src/Drivers/timercounter.o
 .comment       0x00000060       0x31 src/Drivers/uart_tools.o
 .comment       0x00000060       0x31 src/Tools/altitude.o
 .comment       0x00000060       0x31 src/Tools/RingBuffer.o
 .comment       0x00000060       0x31 src/ASF/common/utils/stdio/write.o
 .comment       0x00000060       0x31 src/ASF/common/services/ioport/xmega/ioport_compat.o
 .comment       0x00000060       0x31 src/ASF/common/services/clock/xmega/sysclk.o
 .comment       0x00000060       0x31 src/ASF/common/boards/user_board/init.o
 .comment       0x00000060       0x31 src/main.o
 .comment       0x00000060       0x31 c:/program files (x86)/atmel/studio/7.0/toolchain/avr8/avr8-gnu-toolchain/bin/../lib/gcc/avr/5.4.0/../../../../avr/lib/avrxmega7\libc.a(fdevopen.o)
 .comment       0x00000060       0x31 c:/program files (x86)/atmel/studio/7.0/toolchain/avr8/avr8-gnu-toolchain/bin/../lib/gcc/avr/5.4.0/../../../../avr/lib/avrxmega7\libc.a(iob.o)
 .comment       0x00000060       0x31 c:/program files (x86)/atmel/studio/7.0/toolchain/avr8/avr8-gnu-toolchain/bin/../lib/gcc/avr/5.4.0/../../../../avr/lib/avrxmega7\libc.a(printf.o)
 .comment       0x00000060       0x31 c:/program files (x86)/atmel/studio/7.0/toolchain/avr8/avr8-gnu-toolchain/bin/../lib/gcc/avr/5.4.0/../../../../avr/lib/avrxmega7\libc.a(puts.o)
 .comment       0x00000060       0x2c c:/program files (x86)/atmel/studio/7.0/toolchain/avr8/avr8-gnu-toolchain/bin/../lib/gcc/avr/5.4.0/../../../../avr/lib/avrxmega7\libc.a(vfprintf_std.o)
                                 0x2d (size before relaxing)
 .comment       0x0000008c       0x31 c:/program files (x86)/atmel/studio/7.0/toolchain/avr8/avr8-gnu-toolchain/bin/../lib/gcc/avr/5.4.0/../../../../avr/lib/avrxmega7\libc.a(calloc.o)
 .comment       0x0000008c       0x31 c:/program files (x86)/atmel/studio/7.0/toolchain/avr8/avr8-gnu-toolchain/bin/../lib/gcc/avr/5.4.0/../../../../avr/lib/avrxmega7\libc.a(malloc.o)
 .comment       0x0000008c       0x31 c:/program files (x86)/atmel/studio/7.0/toolchain/avr8/avr8-gnu-toolchain/bin/../lib/gcc/avr/5.4.0/../../../../avr/lib/avrxmega7\libc.a(fputc.o)

.note.gnu.avr.deviceinfo
                0x00000000       0x40
 .note.gnu.avr.deviceinfo
                0x00000000       0x40 C:/Program Files (x86)/Atmel/Studio/7.0/Packs/atmel/XMEGAA_DFP/1.1.68/gcc/dev/atxmega128a1u/avrxmega7/crtatxmega128a1u.o

.note.gnu.build-id
 *(.note.gnu.build-id)

.debug
 *(.debug)

.line
 *(.line)

.debug_srcinfo
 *(.debug_srcinfo)

.debug_sfnames
 *(.debug_sfnames)

.debug_aranges  0x00000000      0x348
 *(.debug_aranges)
 .debug_aranges
                0x00000000       0x20 src/ASF/common/utils/stdio/read.o
 .debug_aranges
                0x00000020       0x58 src/ASF/xmega/drivers/usart/usart.o
 .debug_aranges
                0x00000078       0x60 src/Drivers/MS56XX.o
 .debug_aranges
                0x000000d8       0x48 src/Drivers/SPI.o
 .debug_aranges
                0x00000120       0x28 src/Drivers/timercounter.o
 .debug_aranges
                0x00000148       0x30 src/Drivers/uart_tools.o
 .debug_aranges
                0x00000178       0x20 src/Tools/altitude.o
 .debug_aranges
                0x00000198       0xc0 src/Tools/RingBuffer.o
 .debug_aranges
                0x00000258       0x20 src/ASF/common/utils/stdio/write.o
 .debug_aranges
                0x00000278       0x20 src/ASF/common/services/ioport/xmega/ioport_compat.o
 .debug_aranges
                0x00000298       0x40 src/ASF/common/services/clock/xmega/sysclk.o
 .debug_aranges
                0x000002d8       0x20 src/ASF/xmega/drivers/cpu/ccp.o
 .debug_aranges
                0x000002f8       0x20 src/ASF/common/boards/user_board/init.o
 .debug_aranges
                0x00000318       0x30 src/main.o

.debug_pubnames
 *(.debug_pubnames)

.debug_info     0x00000000    0x11fcd
 *(.debug_info .gnu.linkonce.wi.*)
 .debug_info    0x00000000     0x3e5a C:/Program Files (x86)/Atmel/Studio/7.0/Packs/atmel/XMEGAA_DFP/1.1.68/gcc/dev/atxmega128a1u/avrxmega7/crtatxmega128a1u.o
 .debug_info    0x00003e5a      0x119 src/ASF/common/utils/stdio/read.o
 .debug_info    0x00003f73     0x3281 src/ASF/xmega/drivers/usart/usart.o
 .debug_info    0x000071f4      0xb43 src/Drivers/MS56XX.o
 .debug_info    0x00007d37     0x2730 src/Drivers/SPI.o
 .debug_info    0x0000a467     0x21c6 src/Drivers/timercounter.o
 .debug_info    0x0000c62d     0x2883 src/Drivers/uart_tools.o
 .debug_info    0x0000eeb0      0x18b src/Tools/altitude.o
 .debug_info    0x0000f03b      0xb9d src/Tools/RingBuffer.o
 .debug_info    0x0000fbd8      0x119 src/ASF/common/utils/stdio/write.o
 .debug_info    0x0000fcf1      0x121 src/ASF/common/services/ioport/xmega/ioport_compat.o
 .debug_info    0x0000fe12      0x83d src/ASF/common/services/clock/xmega/sysclk.o
 .debug_info    0x0001064f       0x9e src/ASF/xmega/drivers/cpu/ccp.o
 .debug_info    0x000106ed      0x168 src/ASF/common/boards/user_board/init.o
 .debug_info    0x00010855     0x1778 src/main.o

.debug_abbrev   0x00000000     0x5778
 *(.debug_abbrev)
 .debug_abbrev  0x00000000     0x3b0e C:/Program Files (x86)/Atmel/Studio/7.0/Packs/atmel/XMEGAA_DFP/1.1.68/gcc/dev/atxmega128a1u/avrxmega7/crtatxmega128a1u.o
 .debug_abbrev  0x00003b0e       0xc5 src/ASF/common/utils/stdio/read.o
 .debug_abbrev  0x00003bd3      0x3f5 src/ASF/xmega/drivers/usart/usart.o
 .debug_abbrev  0x00003fc8      0x347 src/Drivers/MS56XX.o
 .debug_abbrev  0x0000430f      0x321 src/Drivers/SPI.o
 .debug_abbrev  0x00004630      0x247 src/Drivers/timercounter.o
 .debug_abbrev  0x00004877      0x327 src/Drivers/uart_tools.o
 .debug_abbrev  0x00004b9e       0xd0 src/Tools/altitude.o
 .debug_abbrev  0x00004c6e      0x302 src/Tools/RingBuffer.o
 .debug_abbrev  0x00004f70       0xa7 src/ASF/common/utils/stdio/write.o
 .debug_abbrev  0x00005017       0x95 src/ASF/common/services/ioport/xmega/ioport_compat.o
 .debug_abbrev  0x000050ac      0x241 src/ASF/common/services/clock/xmega/sysclk.o
 .debug_abbrev  0x000052ed       0x14 src/ASF/xmega/drivers/cpu/ccp.o
 .debug_abbrev  0x00005301       0xbd src/ASF/common/boards/user_board/init.o
 .debug_abbrev  0x000053be      0x3ba src/main.o

.debug_line     0x00000000     0x780e
 *(.debug_line .debug_line.* .debug_line_end)
 .debug_line    0x00000000      0x3b5 C:/Program Files (x86)/Atmel/Studio/7.0/Packs/atmel/XMEGAA_DFP/1.1.68/gcc/dev/atxmega128a1u/avrxmega7/crtatxmega128a1u.o
 .debug_line    0x000003b5      0x3d3 src/ASF/common/utils/stdio/read.o
 .debug_line    0x00000788      0xda3 src/ASF/xmega/drivers/usart/usart.o
 .debug_line    0x0000152b      0xb60 src/Drivers/MS56XX.o
 .debug_line    0x0000208b      0xabb src/Drivers/SPI.o
 .debug_line    0x00002b46      0xa28 src/Drivers/timercounter.o
 .debug_line    0x0000356e      0xb2f src/Drivers/uart_tools.o
 .debug_line    0x0000409d      0x7fe src/Tools/altitude.o
 .debug_line    0x0000489b      0xcfd src/Tools/RingBuffer.o
 .debug_line    0x00005598      0x3da src/ASF/common/utils/stdio/write.o
 .debug_line    0x00005972      0x4b3 src/ASF/common/services/ioport/xmega/ioport_compat.o
 .debug_line    0x00005e25      0x6a8 src/ASF/common/services/clock/xmega/sysclk.o
 .debug_line    0x000064cd       0x6e src/ASF/xmega/drivers/cpu/ccp.o
 .debug_line    0x0000653b      0x7d3 src/ASF/common/boards/user_board/init.o
 .debug_line    0x00006d0e      0xb00 src/main.o

.debug_frame    0x00000000      0x8e4
 *(.debug_frame)
 .debug_frame   0x00000000       0x34 src/ASF/common/utils/stdio/read.o
 .debug_frame   0x00000034      0x150 src/ASF/xmega/drivers/usart/usart.o
 .debug_frame   0x00000184      0x158 src/Drivers/MS56XX.o
 .debug_frame   0x000002dc       0x88 src/Drivers/SPI.o
 .debug_frame   0x00000364       0x58 src/Drivers/timercounter.o
 .debug_frame   0x000003bc       0x80 src/Drivers/uart_tools.o
 .debug_frame   0x0000043c       0x30 src/Tools/altitude.o
 .debug_frame   0x0000046c      0x2ac src/Tools/RingBuffer.o
 .debug_frame   0x00000718       0x24 src/ASF/common/utils/stdio/write.o
 .debug_frame   0x0000073c       0x30 src/ASF/common/services/ioport/xmega/ioport_compat.o
 .debug_frame   0x0000076c       0xa4 src/ASF/common/services/clock/xmega/sysclk.o
 .debug_frame   0x00000810       0x24 src/ASF/common/boards/user_board/init.o
 .debug_frame   0x00000834       0xb0 src/main.o

.debug_str      0x00000000    0x314a3
 *(.debug_str)
 .debug_str     0x00000000     0x2969 C:/Program Files (x86)/Atmel/Studio/7.0/Packs/atmel/XMEGAA_DFP/1.1.68/gcc/dev/atxmega128a1u/avrxmega7/crtatxmega128a1u.o
 .debug_str     0x00002969    0x2a8ed src/ASF/common/utils/stdio/read.o
                              0x2af36 (size before relaxing)
 .debug_str     0x0002d256     0x294d src/ASF/xmega/drivers/usart/usart.o
                              0x2dad2 (size before relaxing)
 .debug_str     0x0002fba3      0xf1a src/Drivers/MS56XX.o
                              0x2d9e2 (size before relaxing)
 .debug_str     0x00030abd       0x5c src/Drivers/SPI.o
                              0x2e053 (size before relaxing)
 .debug_str     0x00030b19       0xd8 src/Drivers/timercounter.o
                              0x2de73 (size before relaxing)
 .debug_str     0x00030bf1      0x122 src/Drivers/uart_tools.o
                              0x2e316 (size before relaxing)
 .debug_str     0x00030d13       0x6d src/Tools/altitude.o
                              0x2d584 (size before relaxing)
 .debug_str     0x00030d80      0x1d1 src/Tools/RingBuffer.o
                              0x2d72f (size before relaxing)
 .debug_str     0x00030f51       0x26 src/ASF/common/utils/stdio/write.o
                              0x2af38 (size before relaxing)
 .debug_str     0x00030f77       0x4c src/ASF/common/services/ioport/xmega/ioport_compat.o
                              0x2b5cf (size before relaxing)
 .debug_str     0x00030fc3      0x252 src/ASF/common/services/clock/xmega/sysclk.o
                              0x2c683 (size before relaxing)
 .debug_str     0x00031215       0x36 src/ASF/common/boards/user_board/init.o
                              0x2d545 (size before relaxing)
 .debug_str     0x0003124b      0x258 src/main.o
                              0x2e162 (size before relaxing)

.debug_loc      0x00000000     0x3761
 *(.debug_loc)
 .debug_loc     0x00000000       0x6e src/ASF/common/utils/stdio/read.o
 .debug_loc     0x0000006e      0xe0d src/ASF/xmega/drivers/usart/usart.o
 .debug_loc     0x00000e7b      0xb77 src/Drivers/MS56XX.o
 .debug_loc     0x000019f2      0x30b src/Drivers/SPI.o
 .debug_loc     0x00001cfd      0x20b src/Drivers/timercounter.o
 .debug_loc     0x00001f08      0x36e src/Drivers/uart_tools.o
 .debug_loc     0x00002276       0x5b src/Tools/altitude.o
 .debug_loc     0x000022d1      0xaf9 src/Tools/RingBuffer.o
 .debug_loc     0x00002dca       0x52 src/ASF/common/utils/stdio/write.o
 .debug_loc     0x00002e1c       0x66 src/ASF/common/services/ioport/xmega/ioport_compat.o
 .debug_loc     0x00002e82      0x301 src/ASF/common/services/clock/xmega/sysclk.o
 .debug_loc     0x00003183      0x5de src/main.o

.debug_macinfo
 *(.debug_macinfo)

.debug_weaknames
 *(.debug_weaknames)

.debug_funcnames
 *(.debug_funcnames)

.debug_typenames
 *(.debug_typenames)

.debug_varnames
 *(.debug_varnames)

.debug_pubtypes
 *(.debug_pubtypes)

.debug_ranges   0x00000000      0x318
 *(.debug_ranges)
 .debug_ranges  0x00000000       0x10 src/ASF/common/utils/stdio/read.o
 .debug_ranges  0x00000010       0x80 src/ASF/xmega/drivers/usart/usart.o
 .debug_ranges  0x00000090       0x50 src/Drivers/MS56XX.o
 .debug_ranges  0x000000e0       0x38 src/Drivers/SPI.o
 .debug_ranges  0x00000118       0x18 src/Drivers/timercounter.o
 .debug_ranges  0x00000130       0x78 src/Drivers/uart_tools.o
 .debug_ranges  0x000001a8       0x10 src/Tools/altitude.o
 .debug_ranges  0x000001b8       0xb0 src/Tools/RingBuffer.o
 .debug_ranges  0x00000268       0x10 src/ASF/common/utils/stdio/write.o
 .debug_ranges  0x00000278       0x10 src/ASF/common/services/ioport/xmega/ioport_compat.o
 .debug_ranges  0x00000288       0x30 src/ASF/common/services/clock/xmega/sysclk.o
 .debug_ranges  0x000002b8       0x10 src/ASF/common/boards/user_board/init.o
 .debug_ranges  0x000002c8       0x50 src/main.o

.debug_macro    0x00000000     0xcdd7
 *(.debug_macro)
 .debug_macro   0x00000000      0x16d src/ASF/common/utils/stdio/read.o
 .debug_macro   0x0000016d      0xa96 src/ASF/common/utils/stdio/read.o
 .debug_macro   0x00000c03       0x10 src/ASF/common/utils/stdio/read.o
 .debug_macro   0x00000c13      0x1c9 src/ASF/common/utils/stdio/read.o
 .debug_macro   0x00000ddc      0x2fc src/ASF/common/utils/stdio/read.o
 .debug_macro   0x000010d8       0x9e src/ASF/common/utils/stdio/read.o
 .debug_macro   0x00001176     0x6dbc src/ASF/common/utils/stdio/read.o
 .debug_macro   0x00007f32       0x9a src/ASF/common/utils/stdio/read.o
 .debug_macro   0x00007fcc       0xf1 src/ASF/common/utils/stdio/read.o
 .debug_macro   0x000080bd       0x34 src/ASF/common/utils/stdio/read.o
 .debug_macro   0x000080f1       0x16 src/ASF/common/utils/stdio/read.o
 .debug_macro   0x00008107       0x18 src/ASF/common/utils/stdio/read.o
 .debug_macro   0x0000811f       0x5e src/ASF/common/utils/stdio/read.o
 .debug_macro   0x0000817d       0x10 src/ASF/common/utils/stdio/read.o
 .debug_macro   0x0000818d       0x22 src/ASF/common/utils/stdio/read.o
 .debug_macro   0x000081af      0x16d src/ASF/common/utils/stdio/read.o
 .debug_macro   0x0000831c       0x1c src/ASF/common/utils/stdio/read.o
 .debug_macro   0x00008338       0x35 src/ASF/common/utils/stdio/read.o
 .debug_macro   0x0000836d       0x66 src/ASF/common/utils/stdio/read.o
 .debug_macro   0x000083d3      0x64b src/ASF/common/utils/stdio/read.o
 .debug_macro   0x00008a1e       0x97 src/ASF/common/utils/stdio/read.o
 .debug_macro   0x00008ab5       0x17 src/ASF/common/utils/stdio/read.o
 .debug_macro   0x00008acc      0x250 src/ASF/common/utils/stdio/read.o
 .debug_macro   0x00008d1c       0x76 src/ASF/common/utils/stdio/read.o
 .debug_macro   0x00008d92       0x16 src/ASF/common/utils/stdio/read.o
 .debug_macro   0x00008da8      0x6e3 src/ASF/common/utils/stdio/read.o
 .debug_macro   0x0000948b       0x10 src/ASF/common/utils/stdio/read.o
 .debug_macro   0x0000949b      0x175 src/ASF/common/utils/stdio/read.o
 .debug_macro   0x00009610       0x40 src/ASF/common/utils/stdio/read.o
 .debug_macro   0x00009650       0x69 src/ASF/common/utils/stdio/read.o
 .debug_macro   0x000096b9       0x32 src/ASF/common/utils/stdio/read.o
 .debug_macro   0x000096eb       0xe4 src/ASF/common/utils/stdio/read.o
 .debug_macro   0x000097cf      0x22e src/ASF/xmega/drivers/usart/usart.o
 .debug_macro   0x000099fd      0x302 src/ASF/xmega/drivers/usart/usart.o
 .debug_macro   0x00009cff       0x34 src/ASF/xmega/drivers/usart/usart.o
 .debug_macro   0x00009d33       0x22 src/ASF/xmega/drivers/usart/usart.o
 .debug_macro   0x00009d55      0x2c6 src/ASF/xmega/drivers/usart/usart.o
 .debug_macro   0x0000a01b       0x68 src/ASF/xmega/drivers/usart/usart.o
 .debug_macro   0x0000a083       0x2f src/ASF/xmega/drivers/usart/usart.o
 .debug_macro   0x0000a0b2      0x154 src/ASF/xmega/drivers/usart/usart.o
 .debug_macro   0x0000a206       0x9a src/ASF/xmega/drivers/usart/usart.o
 .debug_macro   0x0000a2a0      0x109 src/ASF/xmega/drivers/usart/usart.o
 .debug_macro   0x0000a3a9      0x2d9 src/Drivers/MS56XX.o
 .debug_macro   0x0000a682      0xa96 src/Drivers/MS56XX.o
 .debug_macro   0x0000b118       0x34 src/Drivers/MS56XX.o
 .debug_macro   0x0000b14c       0x28 src/Drivers/MS56XX.o
 .debug_macro   0x0000b174       0x23 src/Drivers/MS56XX.o
 .debug_macro   0x0000b197       0x40 src/Drivers/MS56XX.o
 .debug_macro   0x0000b1d7       0x26 src/Drivers/MS56XX.o
 .debug_macro   0x0000b1fd       0x58 src/Drivers/MS56XX.o
 .debug_macro   0x0000b255       0x10 src/Drivers/MS56XX.o
 .debug_macro   0x0000b265       0xf2 src/Drivers/MS56XX.o
 .debug_macro   0x0000b357       0x3a src/Drivers/MS56XX.o
 .debug_macro   0x0000b391       0x22 src/Drivers/MS56XX.o
 .debug_macro   0x0000b3b3      0x2cf src/Drivers/SPI.o
 .debug_macro   0x0000b682      0x2db src/Drivers/timercounter.o
 .debug_macro   0x0000b95d      0x2d3 src/Drivers/uart_tools.o
 .debug_macro   0x0000bc30      0x2d4 src/Tools/altitude.o
 .debug_macro   0x0000bf04       0x16 src/Tools/altitude.o
 .debug_macro   0x0000bf1a      0x2ca src/Tools/RingBuffer.o
 .debug_macro   0x0000c1e4       0xaa src/Tools/RingBuffer.o
 .debug_macro   0x0000c28e      0x16d src/ASF/common/utils/stdio/write.o
 .debug_macro   0x0000c3fb      0x195 src/ASF/common/services/ioport/xmega/ioport_compat.o
 .debug_macro   0x0000c590      0x1e6 src/ASF/common/services/clock/xmega/sysclk.o
 .debug_macro   0x0000c776      0x2c5 src/ASF/common/boards/user_board/init.o
 .debug_macro   0x0000ca3b      0x380 src/main.o
 .debug_macro   0x0000cdbb       0x1c src/main.o
OUTPUT(Cutdown.elf elf32-avr)
LOAD linker stubs
